Unity Editor version:    2020.3.27f1 (e759542391ea)
Branch:                  2020.3/release
Build type:              Release
Batch mode:              YES
macOS version:           Version 11.6 (Build 20G165)
Darwin version:          20.6.0
Architecture:            x86_64
Running under Rosetta:   NO
Available memory:        16384 MB
Using pre-set license
Pro License: NO

COMMAND LINE ARGUMENTS:
/var/folders/9b/thq_92613694g0y93dkflhcw0000gv/T/AppTranslocation/FDB348BC-C148-44BC-BE16-833F576AB124/d/Unity.app/Contents/MacOS/Unity
-adb2
-batchMode
-noUpm
-name
AssetImportWorker0
-projectPath
/Users/game56/Documents/GitHub/Brainrot-Racing-Battle
-logFile
Logs/AssetImportWorker0.log
-srvPort
55781
Successfully changed project path to: /Users/game56/Documents/GitHub/Brainrot-Racing-Battle
Could not lock editor preferences. Preferences updates for this instance of Unity will not be saved./Users/game56/Documents/GitHub/Brainrot-Racing-Battle
Using Asset Import Pipeline V2.
Error (Result too large) occured whilst enumerating /var/folders/9b/thq_92613694g0y93dkflhcw0000gv/T/AppTranslocation/FDB348BC-C148-44BC-BE16-833F576AB124
Refreshing native plugins compatible for Editor in 33.50 ms, found 3 plugins.
Preloading 0 native plugins for Editor in 0.00 ms.
Initialize engine version: 2020.3.27f1 (e759542391ea)
[Subsystems] Discovering subsystems at path /var/folders/9b/thq_92613694g0y93dkflhcw0000gv/T/AppTranslocation/FDB348BC-C148-44BC-BE16-833F576AB124/d/Unity.app/Contents/Resources/UnitySubsystems
[Subsystems] Discovering subsystems at path /Users/game56/Documents/GitHub/Brainrot-Racing-Battle/Assets
GfxDevice: creating device client; threaded=0
2026-03-11 13:35:07.059 Unity[5931:267702] iMac preferred device: AMD Radeon Pro 5500 XT (high power)
2026-03-11 13:35:07.059 Unity[5931:267702] Metal devices available: 1
2026-03-11 13:35:07.060 Unity[5931:267702] 0: AMD Radeon Pro 5500 XT (high power)
2026-03-11 13:35:07.060 Unity[5931:267702] Using device AMD Radeon Pro 5500 XT (high power)
Initializing Metal device caps: AMD Radeon Pro 5500 XT
Initialize mono
Mono path[0] = '/var/folders/9b/thq_92613694g0y93dkflhcw0000gv/T/AppTranslocation/FDB348BC-C148-44BC-BE16-833F576AB124/d/Unity.app/Contents/Managed'
Mono path[1] = '/var/folders/9b/thq_92613694g0y93dkflhcw0000gv/T/AppTranslocation/FDB348BC-C148-44BC-BE16-833F576AB124/d/Unity.app/Contents/MonoBleedingEdge/lib/mono/unityjit'
Mono config path = '/var/folders/9b/thq_92613694g0y93dkflhcw0000gv/T/AppTranslocation/FDB348BC-C148-44BC-BE16-833F576AB124/d/Unity.app/Contents/MonoBleedingEdge/etc'
Using monoOptions --debugger-agent=transport=dt_socket,embedding=1,server=y,suspend=n,address=127.0.0.1:56931
Begin MonoManager ReloadAssembly
Registering precompiled unity dll's ...
Register platform support module: /var/folders/9b/thq_92613694g0y93dkflhcw0000gv/T/AppTranslocation/FDB348BC-C148-44BC-BE16-833F576AB124/d/Unity.app/Contents/PlaybackEngines/MacStandaloneSupport/UnityEditor.OSXStandalone.Extensions.dll
Registered in 0.000556 seconds.
Native extension for OSXStandalone target not found
Refreshing native plugins compatible for Editor in 32.80 ms, found 3 plugins.
Preloading 0 native plugins for Editor in 0.00 ms.
Mono: successfully reloaded assembly
- Completed reload, in  0.523 seconds
Domain Reload Profiling:
	ReloadAssembly (523ms)
		BeginReloadAssembly (36ms)
			ExecutionOrderSort (0ms)
			DisableScriptedObjects (0ms)
			BackupInstance (0ms)
			ReleaseScriptingObjects (0ms)
			CreateAndSetChildDomain (1ms)
		EndReloadAssembly (423ms)
			LoadAssemblies (35ms)
			RebuildTransferFunctionScriptingTraits (0ms)
			SetupTypeCache (154ms)
			ReleaseScriptCaches (0ms)
			RebuildScriptCaches (33ms)
			SetupLoadedEditorAssemblies (162ms)
				LogAssemblyErrors (0ms)
				InitializePlatformSupportModulesInManaged (4ms)
				SetLoadedEditorAssemblies (0ms)
				RefreshPlugins (33ms)
				BeforeProcessingInitializeOnLoad (7ms)
				ProcessInitializeOnLoadAttributes (92ms)
				ProcessInitializeOnLoadMethodAttributes (26ms)
				AfterProcessingInitializeOnLoad (0ms)
				EditorAssembliesLoaded (0ms)
			ExecutionOrderSort2 (0ms)
			AwakeInstancesAfterBackupRestoration (0ms)
Platform modules already initialized, skipping
Registering precompiled user dll's ...
Registered in 0.001882 seconds.
Begin MonoManager ReloadAssembly
Native extension for OSXStandalone target not found
Refreshing native plugins compatible for Editor in 0.40 ms, found 3 plugins.
Preloading 0 native plugins for Editor in 0.00 ms.
Mono: successfully reloaded assembly
- Completed reload, in  0.988 seconds
Domain Reload Profiling:
	ReloadAssembly (989ms)
		BeginReloadAssembly (141ms)
			ExecutionOrderSort (0ms)
			DisableScriptedObjects (4ms)
			BackupInstance (0ms)
			ReleaseScriptingObjects (0ms)
			CreateAndSetChildDomain (30ms)
		EndReloadAssembly (792ms)
			LoadAssemblies (67ms)
			RebuildTransferFunctionScriptingTraits (0ms)
			SetupTypeCache (299ms)
			ReleaseScriptCaches (0ms)
			RebuildScriptCaches (50ms)
			SetupLoadedEditorAssemblies (281ms)
				LogAssemblyErrors (0ms)
				InitializePlatformSupportModulesInManaged (4ms)
				SetLoadedEditorAssemblies (0ms)
				RefreshPlugins (0ms)
				BeforeProcessingInitializeOnLoad (49ms)
				ProcessInitializeOnLoadAttributes (218ms)
				ProcessInitializeOnLoadMethodAttributes (8ms)
				AfterProcessingInitializeOnLoad (1ms)
				EditorAssembliesLoaded (0ms)
			ExecutionOrderSort2 (0ms)
			AwakeInstancesAfterBackupRestoration (6ms)
Platform modules already initialized, skipping
Validating Project structure ... 0.004447 seconds.
Shader import version has changed; will reimport all shaders...
Upgrading shader files ...0.013324 seconds.
Application.AssetDatabase Initial Script Refresh Start
RefreshInfo: InitialScriptRefreshV2(NoUpdateAssetOptions) scanfilter:  ... 1 filters
RefreshProfiler: Total: 0.000ms
Application.AssetDatabase Initial Script Refresh End
Application.AssetDatabase.Refresh Start
Application.AssetDatabase.Refresh End
RefreshInfo: StopAssetImportingV2(ForceSynchronousImport) scanfilter: 
RefreshProfiler: Total: 0.000ms
Launching external process: /var/folders/9b/thq_92613694g0y93dkflhcw0000gv/T/AppTranslocation/FDB348BC-C148-44BC-BE16-833F576AB124/d/Unity.app/Contents/Tools/UnityShaderCompiler
Launched and connected shader compiler UnityShaderCompiler after 0.01 seconds
Initializing Unity extensions:
========================================================================
Worker process is ready to serve import requests
Refreshing native plugins compatible for Editor in 0.40 ms, found 3 plugins.
Preloading 0 native plugins for Editor in 0.00 ms.
Unloading 2287 Unused Serialized files (Serialized files now loaded: 0)
System memory in use before: 217.6 MB.
System memory in use after: 216.7 MB.

Unloading 154 unused Assets to reduce memory usage. Loaded Objects now: 2754.
Total: 3.183602 ms (FindLiveObjects: 0.217852 ms CreateObjectMapping: 0.146875 ms MarkObjects: 2.357264 ms  DeleteObjects: 0.461049 ms)

AssetImportParameters requested are different than current active one (requested -> active):
  custom:video-decoder-ogg-theora: a1e56fd34408186e4bbccfd4996cb3dc -> 
  custom:container-muxer-webm: aa71ff27fc2769a1b78a27578f13a17b -> 
  custom:container-demuxer-webm: 4f35f7cbe854078d1ac9338744f61a02 -> 
  custom:container-demuxer-ogg: 62fdf1f143b41e24485cea50d1cbac27 -> 
  custom:video-encoder-webm-vp8: eb34c28f22e8b96e1ab97ce403110664 -> 
  custom:framework-osx-AVFoundation: e770b220cccbd017edd2c1fefb359320 -> 
  custom:video-decoder-webm-vp8: 9c59270c3fd7afecdb556c50c9e8de78 -> 
  custom:audio-decoder-ogg-vorbis: bf7c407c2cedff20999df2af8eb42d56 -> 
  custom:audio-encoder-webm-vorbis: bf7c407c2cedff20999df2af8eb42d56 -> 
========================================================================
Received Import Request.
  path: Assets/Scenes/Gameplay
  artifactKey: Guid(704647a189af34b2d8da6595c34cab64) Importer(815301076,1909f56bfc062723c751e8b465ee728b)
Start importing Assets/Scenes/Gameplay using Guid(704647a189af34b2d8da6595c34cab64) Importer(815301076,1909f56bfc062723c751e8b465ee728b)  -> (artifact id: '24f64c6640575b9918405abfee4d615f') in 0.003528 seconds 
  Import took 0.006844 seconds .

========================================================================
Received Import Request.
  Time since last request: 0.000150 seconds.
  path: Assets/Scenes/Gameplay/NavMesh.asset
  artifactKey: Guid(965b39082e6f845a1abfbd8a008759d0) Importer(815301076,1909f56bfc062723c751e8b465ee728b)
Start importing Assets/Scenes/Gameplay/NavMesh.asset using Guid(965b39082e6f845a1abfbd8a008759d0) Importer(815301076,1909f56bfc062723c751e8b465ee728b)  -> (artifact id: '0dde2592287d48c35da1cc4fe1ad89c8') in 0.821888 seconds 
  Import took 0.826203 seconds .

========================================================================
Received Import Request.
  Time since last request: 0.000160 seconds.
  path: Assets/Scenes/Character Select.unity
  artifactKey: Guid(6f3cd685b7a2d40068049f7c373c1152) Importer(815301076,1909f56bfc062723c751e8b465ee728b)
Start importing Assets/Scenes/Character Select.unity using Guid(6f3cd685b7a2d40068049f7c373c1152) Importer(815301076,1909f56bfc062723c751e8b465ee728b)  -> (artifact id: '669aedf24f4036af0876b233569598fa') in 0.001070 seconds 
  Import took 0.003228 seconds .

========================================================================
Received Import Request.
  Time since last request: 20.816202 seconds.
  path: Assets/Scenes/Amaury Car Driving Scene.unity
  artifactKey: Guid(681d8fc441cfd41be83017375d796780) Importer(815301076,1909f56bfc062723c751e8b465ee728b)
Start importing Assets/Scenes/Amaury Car Driving Scene.unity using Guid(681d8fc441cfd41be83017375d796780) Importer(815301076,1909f56bfc062723c751e8b465ee728b)  -> (artifact id: 'e6f94ddebee4e0833257f84368c18fbb') in 0.001207 seconds 
  Import took 0.004468 seconds .

========================================================================
Received Prepare
Registering precompiled user dll's ...
Registered in 0.001839 seconds.
Begin MonoManager ReloadAssembly
Native extension for OSXStandalone target not found
Refreshing native plugins compatible for Editor in 0.66 ms, found 3 plugins.
Preloading 0 native plugins for Editor in 0.00 ms.
Mono: successfully reloaded assembly
- Completed reload, in  0.970 seconds
Domain Reload Profiling:
	ReloadAssembly (970ms)
		BeginReloadAssembly (112ms)
			ExecutionOrderSort (0ms)
			DisableScriptedObjects (4ms)
			BackupInstance (0ms)
			ReleaseScriptingObjects (0ms)
			CreateAndSetChildDomain (51ms)
		EndReloadAssembly (803ms)
			LoadAssemblies (64ms)
			RebuildTransferFunctionScriptingTraits (0ms)
			SetupTypeCache (294ms)
			ReleaseScriptCaches (1ms)
			RebuildScriptCaches (43ms)
			SetupLoadedEditorAssemblies (305ms)
				LogAssemblyErrors (0ms)
				InitializePlatformSupportModulesInManaged (4ms)
				SetLoadedEditorAssemblies (0ms)
				RefreshPlugins (1ms)
				BeforeProcessingInitializeOnLoad (98ms)
				ProcessInitializeOnLoadAttributes (194ms)
				ProcessInitializeOnLoadMethodAttributes (7ms)
				AfterProcessingInitializeOnLoad (1ms)
				EditorAssembliesLoaded (0ms)
			ExecutionOrderSort2 (0ms)
			AwakeInstancesAfterBackupRestoration (6ms)
Platform modules already initialized, skipping
Refreshing native plugins compatible for Editor in 0.40 ms, found 3 plugins.
Preloading 0 native plugins for Editor in 0.00 ms.
Unloading 2244 Unused Serialized files (Serialized files now loaded: 0)
System memory in use before: 218.5 MB.
System memory in use after: 218.7 MB.

Unloading 23 unused Assets to reduce memory usage. Loaded Objects now: 2757.
Total: 2.293174 ms (FindLiveObjects: 0.148512 ms CreateObjectMapping: 0.078500 ms MarkObjects: 2.020246 ms  DeleteObjects: 0.045288 ms)

AssetImportParameters requested are different than current active one (requested -> active):
  custom:video-decoder-ogg-theora: a1e56fd34408186e4bbccfd4996cb3dc -> 
  custom:container-muxer-webm: aa71ff27fc2769a1b78a27578f13a17b -> 
  custom:container-demuxer-webm: 4f35f7cbe854078d1ac9338744f61a02 -> 
  custom:container-demuxer-ogg: 62fdf1f143b41e24485cea50d1cbac27 -> 
  custom:video-encoder-webm-vp8: eb34c28f22e8b96e1ab97ce403110664 -> 
  custom:framework-osx-AVFoundation: e770b220cccbd017edd2c1fefb359320 -> 
  custom:video-decoder-webm-vp8: 9c59270c3fd7afecdb556c50c9e8de78 -> 
  custom:audio-decoder-ogg-vorbis: bf7c407c2cedff20999df2af8eb42d56 -> 
  custom:audio-encoder-webm-vorbis: bf7c407c2cedff20999df2af8eb42d56 -> 
AssetImportWorkerClient::OnTransportError - code=2 error=End of file
